== Frontend production build ==
Started: 2026-04-04 14:28:38 +0300
Command: bash -lc cd '/Users/svetlanasamojlova/курсор/road700/frontend' && npm run build


> road700-frontend@0.1.0 build
> tsc -b && vite build

vite v8.0.1 building client environment for production...
[2Ktransforming...✓ 1007 modules transformed.
rendering chunks...
computing gzip size...
dist/index.html                                      0.62 kB │ gzip:   0.33 kB
dist/assets/index-BfoohBxp.css                       3.50 kB │ gzip:   1.26 kB
dist/assets/rolldown-runtime-DF2fYuay.js             0.55 kB │ gzip:   0.35 kB
dist/assets/WorkspaceOperationsPanels-WiI3QiE0.js    1.94 kB │ gzip:   0.79 kB
dist/assets/ImportConflictDialog-BnONzeTz.js         2.00 kB │ gzip:   0.95 kB
dist/assets/WorkspaceContentPanels-OzEWHCjL.js       2.18 kB │ gzip:   0.87 kB
dist/assets/AuditLogPanel-DhLlm7eZ.js                3.77 kB │ gzip:   1.41 kB
dist/assets/FleetPanel-D7FCXQEu.js                   4.48 kB │ gzip:   1.65 kB
dist/assets/GlobalSearchPanel-DrxKQNgv.js            7.32 kB │ gzip:   1.95 kB
dist/assets/FleetVehicleDetailPanel-mmUOnn8Z.js     10.89 kB │ gzip:   2.32 kB
dist/assets/DataQualityOverviewPanel-hqaRS7pO.js    12.10 kB │ gzip:   2.93 kB
dist/assets/WorkspaceDocumentsPanel-k4wHOkR6.js     19.67 kB │ gzip:   5.16 kB
dist/assets/RepairWorkspacePanel-CxBDNSZu.js        67.27 kB │ gzip:  13.34 kB
dist/assets/WorkspaceAdminPanels-C0OYG0zS.js        72.12 kB │ gzip:  13.47 kB
dist/assets/index-Bp85qvI3.js                      231.63 kB │ gzip:  54.60 kB
dist/assets/vendor-ekoMPk1W.js                     376.04 kB │ gzip: 116.05 kB

✓ built in 204ms

Finished: 2026-04-04 14:28:41 +0300
Exit code: 0
